Archive member included to satisfy reference by file (symbol)

lib/orangescrt.a(printf.o)    kernel/main.o (printf)
lib/orangescrt.a(vsprintf.o)  kernel/main.o (vsprintf)
lib/orangescrt.a(string.o)    kernel/start.o (memcpy)
lib/orangescrt.a(misc.o)      kernel/main.o (send_recv)
lib/orangescrt.a(open.o)      kernel/main.o (open)
lib/orangescrt.a(read.o)      kernel/main.o (read)
lib/orangescrt.a(write.o)     kernel/main.o (write)
lib/orangescrt.a(close.o)     kernel/main.o (close)
lib/orangescrt.a(lseek.o)     kernel/main.o (lseek)
lib/orangescrt.a(getpid.o)    kernel/main.o (getpid)
lib/orangescrt.a(stat.o)      mm/exec.o (stat)
lib/orangescrt.a(fork.o)      kernel/main.o (fork)
lib/orangescrt.a(wait.o)      kernel/main.o (wait)
lib/orangescrt.a(exec.o)      kernel/main.o (execv)
lib/orangescrt.a(syscall.o)   lib/orangescrt.a(misc.o) (sendrec)

Allocating common symbols
Common symbol       size              file

idt_ptr             0x6               kernel/global.o
inode_table         0xb00             kernel/global.o
task_stack          0x24000           kernel/global.o
wait_proc_table     0x4               kernel/proc.o
k_reenter           0x4               kernel/global.o
gdt                 0x400             kernel/global.o
current_console     0x4               kernel/global.o
pcaller             0x4               kernel/global.o
tty_table           0xc6c             kernel/global.o
tss                 0x68              kernel/global.o
fs_msg              0x30              kernel/global.o
memory_size         0x4               kernel/global.o
f_desc_table        0x400             kernel/global.o
ready_proc_table    0x4               kernel/proc.o
root_inode          0x4               kernel/global.o
disp_pos            0x4               kernel/global.o
mm_msg              0x30              kernel/global.o
key_pressed         0x4               kernel/global.o
gdt_ptr             0x6               kernel/global.o
idt                 0x800             kernel/global.o
super_block         0x1e0             kernel/global.o
PARTITION_ENTRY     0x10              kernel/hd.o
ticks               0x4               kernel/global.o
console_table       0x3c              kernel/global.o
irq_table           0x40              kernel/global.o
p_proc_ready        0x4               kernel/global.o
proc_table          0x3af8            kernel/global.o

Discarded input sections

 .note.GNU-stack
                0x0000000000000000        0x0 kernel/start.o
 .note.GNU-stack
                0x0000000000000000        0x0 kernel/main.o
 .note.GNU-stack
                0x0000000000000000        0x0 kernel/clock.o
 .note.GNU-stack
                0x0000000000000000        0x0 kernel/keyboard.o
 .note.GNU-stack
                0x0000000000000000        0x0 kernel/tty.o
 .note.GNU-stack
                0x0000000000000000        0x0 kernel/console.o
 .note.GNU-stack
                0x0000000000000000        0x0 kernel/i8259.o
 .note.GNU-stack
                0x0000000000000000        0x0 kernel/global.o
 .note.GNU-stack
                0x0000000000000000        0x0 kernel/protect.o
 .note.GNU-stack
                0x0000000000000000        0x0 kernel/proc.o
 .note.GNU-stack
                0x0000000000000000        0x0 kernel/systask.o
 .note.GNU-stack
                0x0000000000000000        0x0 kernel/hd.o
 .note.GNU-stack
                0x0000000000000000        0x0 kernel/klib.o
 .note.GNU-stack
                0x0000000000000000        0x0 lib/syslog.o
 .note.GNU-stack
                0x0000000000000000        0x0 mm/main.o
 .note.GNU-stack
                0x0000000000000000        0x0 mm/forkexit.o
 .note.GNU-stack
                0x0000000000000000        0x0 mm/exec.o
 .note.GNU-stack
                0x0000000000000000        0x0 fs/main.o
 .note.GNU-stack
                0x0000000000000000        0x0 fs/open.o
 .note.GNU-stack
                0x0000000000000000        0x0 fs/misc.o
 .note.GNU-stack
                0x0000000000000000        0x0 fs/read_write.o
 .note.GNU-stack
                0x0000000000000000        0x0 fs/link.o
 .note.GNU-stack
                0x0000000000000000        0x0 fs/disklog.o
 .note.GNU-stack
                0x0000000000000000        0x0 lib/orangescrt.a(printf.o)
 .note.GNU-stack
                0x0000000000000000        0x0 lib/orangescrt.a(vsprintf.o)
 .note.GNU-stack
                0x0000000000000000        0x0 lib/orangescrt.a(misc.o)
 .note.GNU-stack
                0x0000000000000000        0x0 lib/orangescrt.a(open.o)
 .note.GNU-stack
                0x0000000000000000        0x0 lib/orangescrt.a(read.o)
 .note.GNU-stack
                0x0000000000000000        0x0 lib/orangescrt.a(write.o)
 .note.GNU-stack
                0x0000000000000000        0x0 lib/orangescrt.a(close.o)
 .note.GNU-stack
                0x0000000000000000        0x0 lib/orangescrt.a(lseek.o)
 .note.GNU-stack
                0x0000000000000000        0x0 lib/orangescrt.a(getpid.o)
 .note.GNU-stack
                0x0000000000000000        0x0 lib/orangescrt.a(stat.o)
 .note.GNU-stack
                0x0000000000000000        0x0 lib/orangescrt.a(fork.o)
 .note.GNU-stack
                0x0000000000000000        0x0 lib/orangescrt.a(wait.o)
 .note.GNU-stack
                0x0000000000000000        0x0 lib/orangescrt.a(exec.o)

Memory Configuration

Name             Origin             Length             Attributes
*default*        0x0000000000000000 0xffffffffffffffff

Linker script and memory map

Address of section .text set to 0x1000
LOAD kernel/kernel.o
LOAD kernel/start.o
LOAD kernel/main.o
LOAD kernel/clock.o
LOAD kernel/keyboard.o
LOAD kernel/tty.o
LOAD kernel/console.o
LOAD kernel/i8259.o
LOAD kernel/global.o
LOAD kernel/protect.o
LOAD kernel/proc.o
LOAD kernel/systask.o
LOAD kernel/hd.o
LOAD kernel/kliba.o
LOAD kernel/klib.o
LOAD lib/syslog.o
LOAD mm/main.o
LOAD mm/forkexit.o
LOAD mm/exec.o
LOAD fs/main.o
LOAD fs/open.o
LOAD fs/misc.o
LOAD fs/read_write.o
LOAD fs/link.o
LOAD fs/disklog.o
LOAD lib/orangescrt.a
                0x0000000008048000                PROVIDE (__executable_start, 0x8048000)
                0x0000000008048094                . = (0x8048000 + SIZEOF_HEADERS)

.interp
 *(.interp)

.note.gnu.build-id
 *(.note.gnu.build-id)

.hash
 *(.hash)

.gnu.hash
 *(.gnu.hash)

.dynsym
 *(.dynsym)

.dynstr
 *(.dynstr)

.gnu.version
 *(.gnu.version)

.gnu.version_d
 *(.gnu.version_d)

.gnu.version_r
 *(.gnu.version_r)

.rel.dyn        0x0000000008048094        0x0
 *(.rel.init)
 *(.rel.text .rel.text.* .rel.gnu.linkonce.t.*)
 .rel.text      0x0000000000000000        0x0 kernel/kernel.o
 *(.rel.fini)
 *(.rel.rodata .rel.rodata.* .rel.gnu.linkonce.r.*)
 *(.rel.data.rel.ro .rel.data.rel.ro.* .rel.gnu.linkonce.d.rel.ro.*)
 *(.rel.data .rel.data.* .rel.gnu.linkonce.d.*)
 .rel.data      0x0000000000000000        0x0 kernel/kernel.o
 *(.rel.tdata .rel.tdata.* .rel.gnu.linkonce.td.*)
 *(.rel.tbss .rel.tbss.* .rel.gnu.linkonce.tb.*)
 *(.rel.ctors)
 *(.rel.dtors)
 *(.rel.got)
 *(.rel.bss .rel.bss.* .rel.gnu.linkonce.b.*)
 *(.rel.ifunc)

.rel.plt        0x0000000008048094        0x0
 *(.rel.plt)
                0x0000000008048094                PROVIDE (__rel_iplt_start, .)
 *(.rel.iplt)
 .rel.iplt      0x0000000000000000        0x0 kernel/kernel.o
                0x0000000008048094                PROVIDE (__rel_iplt_end, .)

.init
 *(SORT(.init))

.plt            0x00000000080480a0        0x0
 *(.plt)
 *(.iplt)
 .iplt          0x0000000000000000        0x0 kernel/kernel.o

.text           0x0000000000001000     0xd198
 *(.text.unlikely .text.*_unlikely .text.unlikely.*)
 *(.text.exit .text.exit.*)
 *(.text.startup .text.startup.*)
 *(.text.hot .text.hot.*)
 *(.text .stub .text.* .gnu.linkonce.t.*)
 .text          0x0000000000001000      0x410 kernel/kernel.o
                0x0000000000001000                _start
                0x0000000000001040                hwint00
                0x0000000000001070                hwint01
                0x00000000000010a0                hwint02
                0x00000000000010d0                hwint03
                0x0000000000001100                hwint04
                0x0000000000001130                hwint05
                0x0000000000001160                hwint06
                0x0000000000001190                hwint07
                0x00000000000011c0                hwint08
                0x00000000000011f0                hwint09
                0x0000000000001220                hwint10
                0x0000000000001250                hwint11
                0x0000000000001280                hwint12
                0x00000000000012b0                hwint13
                0x00000000000012e0                hwint14
                0x0000000000001310                hwint15
                0x0000000000001334                divide_error
                0x000000000000133a                single_step_exception
                0x0000000000001340                nmi
                0x0000000000001346                breakpoint_exception
                0x000000000000134c                overflow
                0x0000000000001352                bounds_check
                0x0000000000001358                inval_opcode
                0x000000000000135e                copr_not_available
                0x0000000000001364                double_fault
                0x0000000000001368                copr_seg_overrun
                0x000000000000136e                inval_tss
                0x0000000000001372                segment_not_present
                0x0000000000001376                stack_exception
                0x000000000000137a                general_protection
                0x000000000000137e                page_fault
                0x0000000000001382                copr_error
                0x00000000000013cb                sys_call
                0x00000000000013eb                restart
 .text          0x0000000000001410       0x82 kernel/start.o
                0x0000000000001410                cstart
 .text          0x0000000000001492      0xe1a kernel/main.o
                0x0000000000001510                kernel_main
                0x00000000000017e1                get_ticks
                0x0000000000001819                untar
                0x0000000000001aee                show_processes
                0x0000000000001bc0                show_user_processes
                0x0000000000001c5b                show_tasks
                0x0000000000001cf6                show_operations
                0x0000000000001d3a                show_start
                0x0000000000001e92                shabby_shell
                0x00000000000020c0                Init
                0x000000000000224d                TestA
                0x0000000000002252                TestB
                0x0000000000002257                TestC
                0x000000000000225c                panic
 .text          0x00000000000022ac      0x115 kernel/clock.o
                0x00000000000022ac                clock_handler
                0x0000000000002324                milli_delay
                0x000000000000235d                init_clock
 .text          0x00000000000023c1      0x6cf kernel/keyboard.o
                0x00000000000023c1                keyboard_handler
                0x0000000000002427                init_keyboard
                0x00000000000024d6                keyboard_read
 .text          0x0000000000002a90      0xa6c kernel/tty.o
                0x0000000000002a90                task_tty
                0x0000000000002c85                in_process
                0x0000000000003203                sys_printx
                0x00000000000033a5                dump_tty_buf
 .text          0x00000000000034fc      0x82a kernel/console.o
                0x00000000000034fc                init_screen
                0x000000000000366d                out_char
                0x00000000000039ac                is_current_console
                0x0000000000003aa1                select_console
                0x0000000000003adc                scroll_screen
 .text          0x0000000000003d26      0x13c kernel/i8259.o
                0x0000000000003d26                init_8259A
                0x0000000000003e17                spurious_irq
                0x0000000000003e42                put_irq_handler
 .text          0x0000000000003e62        0x0 kernel/global.o
 .text          0x0000000000003e62      0x842 kernel/protect.o
                0x0000000000003e62                init_prot
                0x00000000000044bc                seg2linear
                0x000000000000450b                init_desc
                0x0000000000004577                exception_handler
 .text          0x00000000000046a4     0x1930 kernel/proc.o
                0x00000000000046a4                schedule
                0x00000000000048fb                sys_sendrec
                0x0000000000004a5a                ldt_seg_linear
                0x0000000000004aa4                va2la
                0x0000000000004b13                reset_msg
                0x0000000000005984                lock_p
                0x00000000000059d4                inform_int
                0x0000000000005b2a                dump_proc
                0x0000000000005e8d                dump_msg
 .text          0x0000000000005fd4      0x2cf kernel/systask.o
                0x0000000000005fd4                task_sys
 .text          0x00000000000062a3      0xe4e kernel/hd.o
                0x0000000000007017                task_hd
                0x00000000000070cc                hd_handler
 *fill*         0x00000000000070f1        0xf 
 .text          0x0000000000007100      0x19a kernel/kliba.o
                0x0000000000007100                disp_str
                0x000000000000713e                disp_color_str
                0x000000000000717d                out_byte
                0x0000000000007189                in_byte
                0x0000000000007193                port_read
                0x00000000000071a6                port_write
                0x00000000000071b9                disable_irq
                0x00000000000071ee                enable_irq
                0x000000000000720d                disable_int
                0x000000000000720f                enable_int
                0x0000000000007211                glitter
 .text          0x000000000000729a      0x2d2 kernel/klib.o
                0x000000000000729a                get_boot_params
                0x000000000000733a                get_kernel_map
                0x0000000000007456                itoa
                0x0000000000007501                disp_int
                0x0000000000007526                delay
 .text          0x000000000000756c       0x75 lib/syslog.o
                0x000000000000756c                syslog
 .text          0x00000000000075e1      0x1d9 mm/main.o
                0x00000000000075e1                task_mm
                0x0000000000007727                alloc_mem
                0x00000000000077b0                free_mem
 .text          0x00000000000077ba      0x620 mm/forkexit.o
                0x00000000000077ba                do_fork
                0x0000000000007b56                do_exit
                0x0000000000007d21                do_wait
 .text          0x0000000000007dda      0x392 mm/exec.o
                0x0000000000007dda                do_exec
 .text          0x000000000000816c     0x12b3 fs/main.o
                0x000000000000816c                get_super_block
                0x00000000000081b2                get_inode
                0x0000000000009010                task_fs
                0x0000000000009217                put_inode
                0x000000000000925c                rw_sector
                0x0000000000009302                sync_inode
 .text          0x000000000000941f      0xd77 fs/open.o
                0x0000000000009b9e                do_close
                0x0000000000009c15                do_open
                0x000000000000a0e4                do_lseek
 .text          0x000000000000a196      0x428 fs/misc.o
                0x000000000000a196                strip_path
                0x000000000000a222                search_file
                0x000000000000a41d                do_stat
 .text          0x000000000000a5be      0x53e fs/read_write.o
                0x000000000000a5be                do_rdwt
 .text          0x000000000000aafc      0x8f6 fs/link.o
                0x000000000000aafc                do_unlink
 .text          0x000000000000b3f2     0x2142 fs/disklog.o
                0x000000000000b3f2                disklog
                0x000000000000ba38                dump_fd_graph
 .text          0x000000000000d534       0xc0 lib/orangescrt.a(printf.o)
                0x000000000000d534                printf
                0x000000000000d5b3                printl
 .text          0x000000000000d5f4      0x318 lib/orangescrt.a(vsprintf.o)
                0x000000000000d657                vsprintf
                0x000000000000d8e2                sprintf
 *fill*         0x000000000000d90c        0x4 
 .text          0x000000000000d910       0x78 lib/orangescrt.a(string.o)
                0x000000000000d910                memcpy
                0x000000000000d939                memset
                0x000000000000d95a                strcpy
                0x000000000000d972                strlen
 .text          0x000000000000d988      0x288 lib/orangescrt.a(misc.o)
                0x000000000000d988                send_recv
                0x000000000000da68                memcmp
                0x000000000000dade                strcmp
                0x000000000000db50                strcat
                0x000000000000dbaf                spin
                0x000000000000dbca                assertion_failure
 .text          0x000000000000dc10       0x73 lib/orangescrt.a(open.o)
                0x000000000000dc10                open
 .text          0x000000000000dc83       0x3f lib/orangescrt.a(read.o)
                0x000000000000dc83                read
 .text          0x000000000000dcc2       0x3f lib/orangescrt.a(write.o)
                0x000000000000dcc2                write
 .text          0x000000000000dd01       0x33 lib/orangescrt.a(close.o)
                0x000000000000dd01                close
 .text          0x000000000000dd34       0x3f lib/orangescrt.a(lseek.o)
                0x000000000000dd34                lseek
 .text          0x000000000000dd73       0x59 lib/orangescrt.a(getpid.o)
                0x000000000000dd73                getpid
 .text          0x000000000000ddcc       0x73 lib/orangescrt.a(stat.o)
                0x000000000000ddcc                stat
 .text          0x000000000000de3f       0x84 lib/orangescrt.a(fork.o)
                0x000000000000de3f                fork
 .text          0x000000000000dec3       0x44 lib/orangescrt.a(wait.o)
                0x000000000000dec3                wait
 .text          0x000000000000df07      0x263 lib/orangescrt.a(exec.o)
                0x000000000000df07                exec
                0x000000000000df82                execl
                0x000000000000dfa8                execv
 *fill*         0x000000000000e16a        0x6 
 .text          0x000000000000e170       0x28 lib/orangescrt.a(syscall.o)
                0x000000000000e170                sendrec
                0x000000000000e18a                printx
 *(.gnu.warning)

.fini
 *(SORT(.fini))
                0x000000000000e198                PROVIDE (__etext, .)
                0x000000000000e198                PROVIDE (_etext, .)
                0x000000000000e198                PROVIDE (etext, .)

.rodata         0x000000000000e1a0     0x29b3
 *(.rodata .rodata.* .gnu.linkonce.r.*)
 .rodata        0x000000000000e1a0       0x11 kernel/start.o
 *fill*         0x000000000000e1b1        0x3 
 .rodata        0x000000000000e1b4      0x5c0 kernel/main.o
 .rodata        0x000000000000e774       0x64 kernel/keyboard.o
 .rodata        0x000000000000e7d8      0x168 kernel/tty.o
 .rodata        0x000000000000e940       0x5b kernel/console.o
 .rodata        0x000000000000e99b       0x11 kernel/i8259.o
 .rodata        0x000000000000e9ac       0x10 kernel/global.o
                0x000000000000e9ac                FSBUF_SIZE
                0x000000000000e9b0                MMBUF_SIZE
                0x000000000000e9b4                LOGBUF_SIZE
                0x000000000000e9b8                LOGDISKBUF_SIZE
 *fill*         0x000000000000e9bc        0x4 
 .rodata        0x000000000000e9c0      0x580 kernel/protect.o
 .rodata        0x000000000000ef40      0x5da kernel/proc.o
 .rodata        0x000000000000f51a       0x11 kernel/systask.o
 *fill*         0x000000000000f52b        0x1 
 .rodata        0x000000000000f52c      0x15c kernel/hd.o
 .rodata        0x000000000000f688       0x6a kernel/klib.o
 .rodata        0x000000000000f6f2       0x1e lib/syslog.o
 .rodata        0x000000000000f710       0xb1 mm/main.o
 *fill*         0x000000000000f7c1        0x3 
 .rodata        0x000000000000f7c4       0xe7 mm/forkexit.o
 *fill*         0x000000000000f8ab        0x1 
 .rodata        0x000000000000f8ac       0xa4 mm/exec.o
 .rodata        0x000000000000f950      0x2d2 fs/main.o
 *fill*         0x000000000000fc22        0x2 
 .rodata        0x000000000000fc24      0x1ca fs/open.o
 *fill*         0x000000000000fdee        0x2 
 .rodata        0x000000000000fdf0       0x60 fs/misc.o
 .rodata        0x000000000000fe50      0x164 fs/read_write.o
 .rodata        0x000000000000ffb4      0x1ad fs/link.o
 *fill*         0x0000000000010161        0x3 
 .rodata        0x0000000000010164      0x806 fs/disklog.o
 .rodata        0x000000000001096a       0x14 lib/orangescrt.a(printf.o)
 *fill*         0x000000000001097e        0x2 
 .rodata        0x0000000000010980       0xad lib/orangescrt.a(misc.o)
 .rodata        0x0000000000010a2d       0x23 lib/orangescrt.a(open.o)
 .rodata        0x0000000000010a50       0x25 lib/orangescrt.a(getpid.o)
 .rodata        0x0000000000010a75       0x23 lib/orangescrt.a(stat.o)
 .rodata        0x0000000000010a98       0x33 lib/orangescrt.a(fork.o)
 *fill*         0x0000000000010acb        0x1 
 .rodata        0x0000000000010acc       0x87 lib/orangescrt.a(exec.o)

.rodata1
 *(.rodata1)

.eh_frame_hdr
 *(.eh_frame_hdr)

.eh_frame       0x0000000000010b54     0x14d4
 *(.eh_frame)
 .eh_frame      0x0000000000010b54       0x38 kernel/start.o
 .eh_frame      0x0000000000010b8c      0x1c8 kernel/main.o
                                        0x1e0 (size before relaxing)
 .eh_frame      0x0000000000010d54       0x60 kernel/clock.o
                                         0x78 (size before relaxing)
 .eh_frame      0x0000000000010db4       0xe0 kernel/keyboard.o
                                         0xf8 (size before relaxing)
 .eh_frame      0x0000000000010e94      0x13c kernel/tty.o
                                        0x154 (size before relaxing)
 .eh_frame      0x0000000000010fd0      0x148 kernel/console.o
                                        0x160 (size before relaxing)
 .eh_frame      0x0000000000011118       0x60 kernel/i8259.o
                                         0x78 (size before relaxing)
 .eh_frame      0x0000000000011178       0xb0 kernel/protect.o
                                         0xc8 (size before relaxing)
 .eh_frame      0x0000000000011228      0x2c0 kernel/proc.o
                                        0x2d8 (size before relaxing)
 .eh_frame      0x00000000000114e8       0x5c kernel/systask.o
                                         0x74 (size before relaxing)
 .eh_frame      0x0000000000011544      0x208 kernel/hd.o
                                        0x220 (size before relaxing)
 .eh_frame      0x000000000001174c       0xa0 kernel/klib.o
                                         0xb8 (size before relaxing)
 .eh_frame      0x00000000000117ec       0x20 lib/syslog.o
                                         0x38 (size before relaxing)
 .eh_frame      0x000000000001180c       0x7c mm/main.o
                                         0x94 (size before relaxing)
 .eh_frame      0x0000000000011888       0x90 mm/forkexit.o
                                         0xa8 (size before relaxing)
 .eh_frame      0x0000000000011918       0x2c mm/exec.o
                                         0x44 (size before relaxing)
 .eh_frame      0x0000000000011944      0x174 fs/main.o
                                        0x18c (size before relaxing)
 .eh_frame      0x0000000000011ab8      0x148 fs/open.o
                                        0x160 (size before relaxing)
 .eh_frame      0x0000000000011c00       0x8c fs/misc.o
                                         0xa4 (size before relaxing)
 .eh_frame      0x0000000000011c8c       0x2c fs/read_write.o
                                         0x44 (size before relaxing)
 .eh_frame      0x0000000000011cb8       0x2c fs/link.o
                                         0x44 (size before relaxing)
 .eh_frame      0x0000000000011ce4       0x60 fs/disklog.o
                                         0x78 (size before relaxing)
 .eh_frame      0x0000000000011d44       0x40 lib/orangescrt.a(printf.o)
                                         0x58 (size before relaxing)
 .eh_frame      0x0000000000011d84       0x68 lib/orangescrt.a(vsprintf.o)
                                         0x80 (size before relaxing)
 .eh_frame      0x0000000000011dec       0xbc lib/orangescrt.a(misc.o)
                                         0xd4 (size before relaxing)
 .eh_frame      0x0000000000011ea8       0x20 lib/orangescrt.a(open.o)
                                         0x38 (size before relaxing)
 .eh_frame      0x0000000000011ec8       0x20 lib/orangescrt.a(read.o)
                                         0x38 (size before relaxing)
 .eh_frame      0x0000000000011ee8       0x20 lib/orangescrt.a(write.o)
                                         0x38 (size before relaxing)
 .eh_frame      0x0000000000011f08       0x20 lib/orangescrt.a(close.o)
                                         0x38 (size before relaxing)
 .eh_frame      0x0000000000011f28       0x20 lib/orangescrt.a(lseek.o)
                                         0x38 (size before relaxing)
 .eh_frame      0x0000000000011f48       0x20 lib/orangescrt.a(getpid.o)
                                         0x38 (size before relaxing)
 .eh_frame      0x0000000000011f68       0x20 lib/orangescrt.a(stat.o)
                                         0x38 (size before relaxing)
 .eh_frame      0x0000000000011f88       0x20 lib/orangescrt.a(fork.o)
                                         0x38 (size before relaxing)
 .eh_frame      0x0000000000011fa8       0x20 lib/orangescrt.a(wait.o)
                                         0x38 (size before relaxing)
 .eh_frame      0x0000000000011fc8       0x60 lib/orangescrt.a(exec.o)
                                         0x78 (size before relaxing)

.gcc_except_table
 *(.gcc_except_table .gcc_except_table.*)

.exception_ranges
 *(.exception_ranges .exception_ranges*)
                0x0000000000012028                . = (ALIGN (0x1000) - ((0x1000 - .) & 0xfff))
                0x0000000000013028                . = DATA_SEGMENT_ALIGN (0x1000, 0x1000)

.eh_frame
 *(.eh_frame)

.gcc_except_table
 *(.gcc_except_table .gcc_except_table.*)

.exception_ranges
 *(.exception_ranges .exception_ranges*)

.tdata
 *(.tdata .tdata.* .gnu.linkonce.td.*)

.tbss
 *(.tbss .tbss.* .gnu.linkonce.tb.*)
 *(.tcommon)

.preinit_array  0x0000000000013028        0x0
                0x0000000000013028                PROVIDE (__preinit_array_start, .)
 *(.preinit_array)
                0x0000000000013028                PROVIDE (__preinit_array_end, .)

.init_array     0x0000000000013028        0x0
                0x0000000000013028                PROVIDE (__init_array_start, .)
 *(SORT(.init_array.*) SORT(.ctors.*))
 *(.init_array EXCLUDE_FILE(*crtend?.o *crtend.o *crtbegin?.o *crtbegin.o) .ctors)
                0x0000000000013028                PROVIDE (__init_array_end, .)

.fini_array     0x0000000000013028        0x0
                0x0000000000013028                PROVIDE (__fini_array_start, .)
 *(SORT(.fini_array.*) SORT(.dtors.*))
 *(.fini_array EXCLUDE_FILE(*crtend?.o *crtend.o *crtbegin?.o *crtbegin.o) .dtors)
                0x0000000000013028                PROVIDE (__fini_array_end, .)

.ctors
 *crtbegin.o(.ctors)
 *crtbegin?.o(.ctors)
 *(EXCLUDE_FILE(*crtend?.o *crtend.o) .ctors)
 *(SORT(.ctors.*))
 *(.ctors)

.dtors
 *crtbegin.o(.dtors)
 *crtbegin?.o(.dtors)
 *(EXCLUDE_FILE(*crtend?.o *crtend.o) .dtors)
 *(SORT(.dtors.*))
 *(.dtors)

.jcr
 *(.jcr)

.data.rel.ro
 *(.data.rel.ro.local* .gnu.linkonce.d.rel.ro.local.*)
 *(.data.rel.ro .data.rel.ro.* .gnu.linkonce.d.rel.ro.*)

.dynamic
 *(.dynamic)

.got
 *(.got)
 *(.igot)
                0x0000000000013028                . = DATA_SEGMENT_RELRO_END (., (SIZEOF (.got.plt) >= 0xc)?0xc:0x0)

.got.plt        0x0000000000013028        0x0
 *(.got.plt)
 *(.igot.plt)
 .igot.plt      0x0000000000000000        0x0 kernel/kernel.o

.data           0x0000000000013040      0x814
 *(.data .data.* .gnu.linkonce.d.*)
 .data          0x0000000000013040        0x2 kernel/kernel.o
 .data          0x0000000000013042        0x0 kernel/start.o
 .data          0x0000000000013042        0x0 kernel/main.o
 .data          0x0000000000013042        0x0 kernel/clock.o
 *fill*         0x0000000000013042       0x1e 
 .data          0x0000000000013060      0x600 kernel/keyboard.o
                0x0000000000013060                keymap
 .data          0x0000000000013660       0x22 kernel/tty.o
 .data          0x0000000000013682        0x0 kernel/console.o
 .data          0x0000000000013682        0x0 kernel/i8259.o
 *fill*         0x0000000000013682       0x1e 
 .data          0x00000000000136a0      0x1b4 kernel/global.o
                0x00000000000136a0                task_table
                0x0000000000013780                user_proc_table
                0x0000000000013820                sys_call_table
                0x000000000001382c                dd_map
                0x0000000000013844                fsbuf
                0x0000000000013848                mmbuf
                0x000000000001384c                logbuf
                0x0000000000013850                logdiskbuf
 .data          0x0000000000013854        0x0 kernel/protect.o
 .data          0x0000000000013854        0x0 kernel/proc.o
 .data          0x0000000000013854        0x0 kernel/systask.o
 .data          0x0000000000013854        0x0 kernel/hd.o
 .data          0x0000000000013854        0x0 kernel/klib.o
 .data          0x0000000000013854        0x0 lib/syslog.o
 .data          0x0000000000013854        0x0 mm/main.o
 .data          0x0000000000013854        0x0 mm/forkexit.o
 .data          0x0000000000013854        0x0 mm/exec.o
 .data          0x0000000000013854        0x0 fs/main.o
 .data          0x0000000000013854        0x0 fs/open.o
 .data          0x0000000000013854        0x0 fs/misc.o
 .data          0x0000000000013854        0x0 fs/read_write.o
 .data          0x0000000000013854        0x0 fs/link.o
 .data          0x0000000000013854        0x0 fs/disklog.o
 .data          0x0000000000013854        0x0 lib/orangescrt.a(printf.o)
 .data          0x0000000000013854        0x0 lib/orangescrt.a(vsprintf.o)
 .data          0x0000000000013854        0x0 lib/orangescrt.a(misc.o)
 .data          0x0000000000013854        0x0 lib/orangescrt.a(open.o)
 .data          0x0000000000013854        0x0 lib/orangescrt.a(read.o)
 .data          0x0000000000013854        0x0 lib/orangescrt.a(write.o)
 .data          0x0000000000013854        0x0 lib/orangescrt.a(close.o)
 .data          0x0000000000013854        0x0 lib/orangescrt.a(lseek.o)
 .data          0x0000000000013854        0x0 lib/orangescrt.a(getpid.o)
 .data          0x0000000000013854        0x0 lib/orangescrt.a(stat.o)
 .data          0x0000000000013854        0x0 lib/orangescrt.a(fork.o)
 .data          0x0000000000013854        0x0 lib/orangescrt.a(wait.o)
 .data          0x0000000000013854        0x0 lib/orangescrt.a(exec.o)

.data1
 *(.data1)
                0x0000000000013854                _edata = .
                0x0000000000013854                PROVIDE (edata, .)
                0x0000000000013854                . = .
                0x0000000000013854                __bss_start = .

.bss            0x0000000000013860    0x2b790
 *(.dynbss)
 *(.bss .bss.* .gnu.linkonce.b.*)
 .bss           0x0000000000013860      0x800 kernel/kernel.o
 .bss           0x0000000000014060        0x0 kernel/start.o
 .bss           0x0000000000014060        0x0 kernel/main.o
 .bss           0x0000000000014060        0x0 kernel/clock.o
 .bss           0x0000000000014060       0x58 kernel/keyboard.o
 .bss           0x00000000000140b8        0x0 kernel/tty.o
 .bss           0x00000000000140b8        0x0 kernel/console.o
 .bss           0x00000000000140b8        0x0 kernel/i8259.o
 .bss           0x00000000000140b8        0x0 kernel/global.o
 .bss           0x00000000000140b8        0x0 kernel/protect.o
 .bss           0x00000000000140b8        0x8 kernel/proc.o
 .bss           0x00000000000140c0        0x0 kernel/systask.o
 .bss           0x00000000000140c0      0x64c kernel/hd.o
 .bss           0x000000000001470c        0x0 kernel/klib.o
 .bss           0x000000000001470c        0x0 lib/syslog.o
 .bss           0x000000000001470c        0x0 mm/main.o
 .bss           0x000000000001470c        0x0 mm/forkexit.o
 .bss           0x000000000001470c        0x0 mm/exec.o
 .bss           0x000000000001470c        0x0 fs/main.o
 .bss           0x000000000001470c        0x0 fs/open.o
 .bss           0x000000000001470c        0x0 fs/misc.o
 .bss           0x000000000001470c        0x0 fs/read_write.o
 .bss           0x000000000001470c        0x0 fs/link.o
 *fill*         0x000000000001470c       0x14 
 .bss           0x0000000000014720      0x208 fs/disklog.o
 .bss           0x0000000000014928        0x0 lib/orangescrt.a(printf.o)
 .bss           0x0000000000014928        0x0 lib/orangescrt.a(vsprintf.o)
 .bss           0x0000000000014928        0x0 lib/orangescrt.a(misc.o)
 .bss           0x0000000000014928        0x0 lib/orangescrt.a(open.o)
 .bss           0x0000000000014928        0x0 lib/orangescrt.a(read.o)
 .bss           0x0000000000014928        0x0 lib/orangescrt.a(write.o)
 .bss           0x0000000000014928        0x0 lib/orangescrt.a(close.o)
 .bss           0x0000000000014928        0x0 lib/orangescrt.a(lseek.o)
 .bss           0x0000000000014928        0x0 lib/orangescrt.a(getpid.o)
 .bss           0x0000000000014928        0x0 lib/orangescrt.a(stat.o)
 .bss           0x0000000000014928        0x0 lib/orangescrt.a(fork.o)
 .bss           0x0000000000014928        0x0 lib/orangescrt.a(wait.o)
 .bss           0x0000000000014928        0x0 lib/orangescrt.a(exec.o)
 *(COMMON)
 *fill*         0x0000000000014928       0x18 
 COMMON         0x0000000000014940    0x2a698 kernel/global.o
                0x0000000000014940                idt_ptr
                0x0000000000014960                inode_table
                0x0000000000015460                task_stack
                0x0000000000039460                k_reenter
                0x0000000000039480                gdt
                0x0000000000039880                current_console
                0x0000000000039884                pcaller
                0x00000000000398a0                tty_table
                0x000000000003a520                tss
                0x000000000003a5a0                fs_msg
                0x000000000003a5d0                memory_size
                0x000000000003a5e0                f_desc_table
                0x000000000003a9e0                root_inode
                0x000000000003a9e4                disp_pos
                0x000000000003aa00                mm_msg
                0x000000000003aa30                key_pressed
                0x000000000003aa34                gdt_ptr
                0x000000000003aa40                idt
                0x000000000003b240                super_block
                0x000000000003b420                ticks
                0x000000000003b440                console_table
                0x000000000003b480                irq_table
                0x000000000003b4c0                p_proc_ready
                0x000000000003b4e0                proc_table
 COMMON         0x000000000003efd8        0x8 kernel/proc.o
                0x000000000003efd8                wait_proc_table
                0x000000000003efdc                ready_proc_table
 COMMON         0x000000000003efe0       0x10 kernel/hd.o
                0x000000000003efe0                PARTITION_ENTRY
                0x000000000003eff0                . = ALIGN ((. != 0x0)?0x4:0x1)
                0x000000000003eff0                . = ALIGN (0x4)
                0x000000000003eff0                . = SEGMENT_START ("ldata-segment", .)
                0x000000000003eff0                . = ALIGN (0x4)
                0x000000000003eff0                _end = .
                0x000000000003eff0                PROVIDE (end, .)
                0x000000000003eff0                . = DATA_SEGMENT_END (.)

.stab
 *(.stab)

.stabstr
 *(.stabstr)

.stab.excl
 *(.stab.excl)

.stab.exclstr
 *(.stab.exclstr)

.stab.index
 *(.stab.index)

.stab.indexstr
 *(.stab.indexstr)

.comment        0x0000000000000000       0x2b
 *(.comment)
 .comment       0x0000000000000000       0x2b kernel/start.o
                                         0x2c (size before relaxing)
 .comment       0x0000000000000000       0x2c kernel/main.o
 .comment       0x0000000000000000       0x2c kernel/clock.o
 .comment       0x0000000000000000       0x2c kernel/keyboard.o
 .comment       0x0000000000000000       0x2c kernel/tty.o
 .comment       0x0000000000000000       0x2c kernel/console.o
 .comment       0x0000000000000000       0x2c kernel/i8259.o
 .comment       0x0000000000000000       0x2c kernel/global.o
 .comment       0x0000000000000000       0x2c kernel/protect.o
 .comment       0x0000000000000000       0x2c kernel/proc.o
 .comment       0x0000000000000000       0x2c kernel/systask.o
 .comment       0x0000000000000000       0x2c kernel/hd.o
 .comment       0x0000000000000000       0x2c kernel/klib.o
 .comment       0x0000000000000000       0x2c lib/syslog.o
 .comment       0x0000000000000000       0x2c mm/main.o
 .comment       0x0000000000000000       0x2c mm/forkexit.o
 .comment       0x0000000000000000       0x2c mm/exec.o
 .comment       0x0000000000000000       0x2c fs/main.o
 .comment       0x0000000000000000       0x2c fs/open.o
 .comment       0x0000000000000000       0x2c fs/misc.o
 .comment       0x0000000000000000       0x2c fs/read_write.o
 .comment       0x0000000000000000       0x2c fs/link.o
 .comment       0x0000000000000000       0x2c fs/disklog.o
 .comment       0x0000000000000000       0x2c lib/orangescrt.a(printf.o)
 .comment       0x0000000000000000       0x2c lib/orangescrt.a(vsprintf.o)
 .comment       0x0000000000000000       0x2c lib/orangescrt.a(misc.o)
 .comment       0x0000000000000000       0x2c lib/orangescrt.a(open.o)
 .comment       0x0000000000000000       0x2c lib/orangescrt.a(read.o)
 .comment       0x0000000000000000       0x2c lib/orangescrt.a(write.o)
 .comment       0x0000000000000000       0x2c lib/orangescrt.a(close.o)
 .comment       0x0000000000000000       0x2c lib/orangescrt.a(lseek.o)
 .comment       0x0000000000000000       0x2c lib/orangescrt.a(getpid.o)
 .comment       0x0000000000000000       0x2c lib/orangescrt.a(stat.o)
 .comment       0x0000000000000000       0x2c lib/orangescrt.a(fork.o)
 .comment       0x0000000000000000       0x2c lib/orangescrt.a(wait.o)
 .comment       0x0000000000000000       0x2c lib/orangescrt.a(exec.o)

.debug
 *(.debug)

.line
 *(.line)

.debug_srcinfo
 *(.debug_srcinfo)

.debug_sfnames
 *(.debug_sfnames)

.debug_aranges
 *(.debug_aranges)

.debug_pubnames
 *(.debug_pubnames)

.debug_info
 *(.debug_info .gnu.linkonce.wi.*)

.debug_abbrev
 *(.debug_abbrev)

.debug_line
 *(.debug_line .debug_line.* .debug_line_end)

.debug_frame
 *(.debug_frame)

.debug_str
 *(.debug_str)

.debug_loc
 *(.debug_loc)

.debug_macinfo
 *(.debug_macinfo)

.debug_weaknames
 *(.debug_weaknames)

.debug_funcnames
 *(.debug_funcnames)

.debug_typenames
 *(.debug_typenames)

.debug_varnames
 *(.debug_varnames)

.debug_pubtypes
 *(.debug_pubtypes)

.debug_ranges
 *(.debug_ranges)

.debug_macro
 *(.debug_macro)

.gnu.attributes
 *(.gnu.attributes)

/DISCARD/
 *(.note.GNU-stack)
 *(.gnu_debuglink)
 *(.gnu.lto_*)
OUTPUT(kernel.bin elf32-i386)
